------------------------------------------------------------
Timing Analyzer Summary
------------------------------------------------------------

Type  : Slow 1200mV 85C Model Setup 'MAX10_CLK1_50'
Slack : -177.978
TNS   : -50841.859

Type  : Slow 1200mV 85C Model Setup 'vga_controller:vga0|vs'
Slack : -53.802
TNS   : -53.802

Type  : Slow 1200mV 85C Model Setup 'vga_controller:vga0|clkdiv'
Slack : -51.187
TNS   : -609.117

Type  : Slow 1200mV 85C Model Setup 'altera_reserved_tck'
Slack : 5.526
TNS   : 0.000

Type  : Slow 1200mV 85C Model Setup 'u0|sdram_pll|sd1|pll7|clk[0]'
Slack : 8.256
TNS   : 0.000

Type  : Slow 1200mV 85C Model Setup 'clk_dram_ext'
Slack : 15.442
TNS   : 0.000

Type  : Slow 1200mV 85C Model Setup 'color_mapper:color0|draw_pterosaur:pterosaur|change_height'
Slack : 28.417
TNS   : 0.000

Type  : Slow 1200mV 85C Model Setup 'color_mapper:color0|draw_cactus:cactus0|change_type'
Slack : 37.575
TNS   : 0.000

Type  : Slow 1200mV 85C Model Hold 'MAX10_CLK1_50'
Slack : 0.243
TNS   : 0.000

Type  : Slow 1200mV 85C Model Hold 'vga_controller:vga0|vs'
Slack : 0.322
TNS   : 0.000

Type  : Slow 1200mV 85C Model Hold 'altera_reserved_tck'
Slack : 0.323
TNS   : 0.000

Type  : Slow 1200mV 85C Model Hold 'u0|sdram_pll|sd1|pll7|clk[0]'
Slack : 0.324
TNS   : 0.000

Type  : Slow 1200mV 85C Model Hold 'vga_controller:vga0|clkdiv'
Slack : 0.639
TNS   : 0.000

Type  : Slow 1200mV 85C Model Hold 'clk_dram_ext'
Slack : 0.673
TNS   : 0.000

Type  : Slow 1200mV 85C Model Hold 'color_mapper:color0|draw_cactus:cactus0|change_type'
Slack : 0.978
TNS   : 0.000

Type  : Slow 1200mV 85C Model Hold 'color_mapper:color0|draw_pterosaur:pterosaur|change_height'
Slack : 2.102
TNS   : 0.000

Type  : Slow 1200mV 85C Model Recovery 'altera_reserved_tck'
Slack : 12.913
TNS   : 0.000

Type  : Slow 1200mV 85C Model Recovery 'u0|sdram_pll|sd1|pll7|clk[0]'
Slack : 13.669
TNS   : 0.000

Type  : Slow 1200mV 85C Model Recovery 'MAX10_CLK1_50'
Slack : 15.027
TNS   : 0.000

Type  : Slow 1200mV 85C Model Removal 'altera_reserved_tck'
Slack : 1.110
TNS   : 0.000

Type  : Slow 1200mV 85C Model Removal 'MAX10_CLK1_50'
Slack : 3.493
TNS   : 0.000

Type  : Slow 1200mV 85C Model Removal 'u0|sdram_pll|sd1|pll7|clk[0]'
Slack : 4.150
TNS   : 0.000

Type  : Slow 1200mV 85C Model Minimum Pulse Width 'MAX10_CLK1_50'
Slack : 9.541
TNS   : 0.000

Type  : Slow 1200mV 85C Model Minimum Pulse Width 'u0|sdram_pll|sd1|pll7|clk[0]'
Slack : 9.708
TNS   : 0.000

Type  : Slow 1200mV 85C Model Minimum Pulse Width 'u0|sdram_pll|sd1|pll7|clk[1]'
Slack : 9.849
TNS   : 0.000

Type  : Slow 1200mV 85C Model Minimum Pulse Width 'altera_reserved_tck'
Slack : 14.694
TNS   : 0.000

Type  : Slow 1200mV 85C Model Minimum Pulse Width 'clk_dram_ext'
Slack : 15.790
TNS   : 0.000

Type  : Slow 1200mV 85C Model Minimum Pulse Width 'color_mapper:color0|draw_pterosaur:pterosaur|change_height'
Slack : 19.728
TNS   : 0.000

Type  : Slow 1200mV 85C Model Minimum Pulse Width 'color_mapper:color0|draw_cactus:cactus0|change_type'
Slack : 19.729
TNS   : 0.000

Type  : Slow 1200mV 85C Model Minimum Pulse Width 'vga_controller:vga0|vs'
Slack : 19.745
TNS   : 0.000

Type  : Slow 1200mV 85C Model Minimum Pulse Width 'vga_controller:vga0|clkdiv'
Slack : 19.761
TNS   : 0.000

Type  : Slow 1200mV 0C Model Setup 'MAX10_CLK1_50'
Slack : -161.828
TNS   : -46133.063

Type  : Slow 1200mV 0C Model Setup 'vga_controller:vga0|vs'
Slack : -45.561
TNS   : -45.561

Type  : Slow 1200mV 0C Model Setup 'vga_controller:vga0|clkdiv'
Slack : -43.170
TNS   : -513.314

Type  : Slow 1200mV 0C Model Setup 'altera_reserved_tck'
Slack : 6.228
TNS   : 0.000

Type  : Slow 1200mV 0C Model Setup 'u0|sdram_pll|sd1|pll7|clk[0]'
Slack : 8.888
TNS   : 0.000

Type  : Slow 1200mV 0C Model Setup 'clk_dram_ext'
Slack : 15.604
TNS   : 0.000

Type  : Slow 1200mV 0C Model Setup 'color_mapper:color0|draw_pterosaur:pterosaur|change_height'
Slack : 29.359
TNS   : 0.000

Type  : Slow 1200mV 0C Model Setup 'color_mapper:color0|draw_cactus:cactus0|change_type'
Slack : 37.775
TNS   : 0.000

Type  : Slow 1200mV 0C Model Hold 'MAX10_CLK1_50'
Slack : 0.243
TNS   : 0.000

Type  : Slow 1200mV 0C Model Hold 'vga_controller:vga0|vs'
Slack : 0.289
TNS   : 0.000

Type  : Slow 1200mV 0C Model Hold 'u0|sdram_pll|sd1|pll7|clk[0]'
Slack : 0.292
TNS   : 0.000

Type  : Slow 1200mV 0C Model Hold 'altera_reserved_tck'
Slack : 0.306
TNS   : 0.000

Type  : Slow 1200mV 0C Model Hold 'vga_controller:vga0|clkdiv'
Slack : 0.592
TNS   : 0.000

Type  : Slow 1200mV 0C Model Hold 'clk_dram_ext'
Slack : 0.622
TNS   : 0.000

Type  : Slow 1200mV 0C Model Hold 'color_mapper:color0|draw_cactus:cactus0|change_type'
Slack : 0.843
TNS   : 0.000

Type  : Slow 1200mV 0C Model Hold 'color_mapper:color0|draw_pterosaur:pterosaur|change_height'
Slack : 1.817
TNS   : 0.000

Type  : Slow 1200mV 0C Model Recovery 'altera_reserved_tck'
Slack : 13.109
TNS   : 0.000

Type  : Slow 1200mV 0C Model Recovery 'u0|sdram_pll|sd1|pll7|clk[0]'
Slack : 14.225
TNS   : 0.000

Type  : Slow 1200mV 0C Model Recovery 'MAX10_CLK1_50'
Slack : 15.512
TNS   : 0.000

Type  : Slow 1200mV 0C Model Removal 'altera_reserved_tck'
Slack : 1.028
TNS   : 0.000

Type  : Slow 1200mV 0C Model Removal 'MAX10_CLK1_50'
Slack : 3.184
TNS   : 0.000

Type  : Slow 1200mV 0C Model Removal 'u0|sdram_pll|sd1|pll7|clk[0]'
Slack : 3.728
TNS   : 0.000

Type  : Slow 1200mV 0C Model Minimum Pulse Width 'MAX10_CLK1_50'
Slack : 9.569
TNS   : 0.000

Type  : Slow 1200mV 0C Model Minimum Pulse Width 'u0|sdram_pll|sd1|pll7|clk[0]'
Slack : 9.689
TNS   : 0.000

Type  : Slow 1200mV 0C Model Minimum Pulse Width 'u0|sdram_pll|sd1|pll7|clk[1]'
Slack : 9.874
TNS   : 0.000

Type  : Slow 1200mV 0C Model Minimum Pulse Width 'altera_reserved_tck'
Slack : 14.708
TNS   : 0.000

Type  : Slow 1200mV 0C Model Minimum Pulse Width 'clk_dram_ext'
Slack : 15.790
TNS   : 0.000

Type  : Slow 1200mV 0C Model Minimum Pulse Width 'color_mapper:color0|draw_pterosaur:pterosaur|change_height'
Slack : 19.728
TNS   : 0.000

Type  : Slow 1200mV 0C Model Minimum Pulse Width 'color_mapper:color0|draw_cactus:cactus0|change_type'
Slack : 19.744
TNS   : 0.000

Type  : Slow 1200mV 0C Model Minimum Pulse Width 'vga_controller:vga0|clkdiv'
Slack : 19.744
TNS   : 0.000

Type  : Slow 1200mV 0C Model Minimum Pulse Width 'vga_controller:vga0|vs'
Slack : 19.744
TNS   : 0.000

Type  : Fast 1200mV 0C Model Setup 'MAX10_CLK1_50'
Slack : -67.196
TNS   : -18976.423

Type  : Fast 1200mV 0C Model Setup 'vga_controller:vga0|vs'
Slack : 1.094
TNS   : 0.000

Type  : Fast 1200mV 0C Model Setup 'vga_controller:vga0|clkdiv'
Slack : 2.043
TNS   : 0.000

Type  : Fast 1200mV 0C Model Setup 'altera_reserved_tck'
Slack : 10.974
TNS   : 0.000

Type  : Fast 1200mV 0C Model Setup 'u0|sdram_pll|sd1|pll7|clk[0]'
Slack : 11.623
TNS   : 0.000

Type  : Fast 1200mV 0C Model Setup 'clk_dram_ext'
Slack : 15.553
TNS   : 0.000

Type  : Fast 1200mV 0C Model Setup 'color_mapper:color0|draw_pterosaur:pterosaur|change_height'
Slack : 34.965
TNS   : 0.000

Type  : Fast 1200mV 0C Model Setup 'color_mapper:color0|draw_cactus:cactus0|change_type'
Slack : 38.901
TNS   : 0.000

Type  : Fast 1200mV 0C Model Hold 'MAX10_CLK1_50'
Slack : 0.088
TNS   : 0.000

Type  : Fast 1200mV 0C Model Hold 'altera_reserved_tck'
Slack : 0.117
TNS   : 0.000

Type  : Fast 1200mV 0C Model Hold 'vga_controller:vga0|vs'
Slack : 0.140
TNS   : 0.000

Type  : Fast 1200mV 0C Model Hold 'u0|sdram_pll|sd1|pll7|clk[0]'
Slack : 0.142
TNS   : 0.000

Type  : Fast 1200mV 0C Model Hold 'vga_controller:vga0|clkdiv'
Slack : 0.247
TNS   : 0.000

Type  : Fast 1200mV 0C Model Hold 'clk_dram_ext'
Slack : 0.311
TNS   : 0.000

Type  : Fast 1200mV 0C Model Hold 'color_mapper:color0|draw_cactus:cactus0|change_type'
Slack : 0.352
TNS   : 0.000

Type  : Fast 1200mV 0C Model Hold 'color_mapper:color0|draw_pterosaur:pterosaur|change_height'
Slack : 0.846
TNS   : 0.000

Type  : Fast 1200mV 0C Model Recovery 'altera_reserved_tck'
Slack : 14.371
TNS   : 0.000

Type  : Fast 1200mV 0C Model Recovery 'u0|sdram_pll|sd1|pll7|clk[0]'
Slack : 16.974
TNS   : 0.000

Type  : Fast 1200mV 0C Model Recovery 'MAX10_CLK1_50'
Slack : 17.532
TNS   : 0.000

Type  : Fast 1200mV 0C Model Removal 'altera_reserved_tck'
Slack : 0.481
TNS   : 0.000

Type  : Fast 1200mV 0C Model Removal 'MAX10_CLK1_50'
Slack : 1.686
TNS   : 0.000

Type  : Fast 1200mV 0C Model Removal 'u0|sdram_pll|sd1|pll7|clk[0]'
Slack : 1.979
TNS   : 0.000

Type  : Fast 1200mV 0C Model Minimum Pulse Width 'MAX10_CLK1_50'
Slack : 9.400
TNS   : 0.000

Type  : Fast 1200mV 0C Model Minimum Pulse Width 'u0|sdram_pll|sd1|pll7|clk[0]'
Slack : 9.720
TNS   : 0.000

Type  : Fast 1200mV 0C Model Minimum Pulse Width 'u0|sdram_pll|sd1|pll7|clk[1]'
Slack : 9.957
TNS   : 0.000

Type  : Fast 1200mV 0C Model Minimum Pulse Width 'altera_reserved_tck'
Slack : 14.541
TNS   : 0.000

Type  : Fast 1200mV 0C Model Minimum Pulse Width 'clk_dram_ext'
Slack : 16.000
TNS   : 0.000

Type  : Fast 1200mV 0C Model Minimum Pulse Width 'color_mapper:color0|draw_pterosaur:pterosaur|change_height'
Slack : 19.625
TNS   : 0.000

Type  : Fast 1200mV 0C Model Minimum Pulse Width 'color_mapper:color0|draw_cactus:cactus0|change_type'
Slack : 19.651
TNS   : 0.000

Type  : Fast 1200mV 0C Model Minimum Pulse Width 'vga_controller:vga0|vs'
Slack : 19.698
TNS   : 0.000

Type  : Fast 1200mV 0C Model Minimum Pulse Width 'vga_controller:vga0|clkdiv'
Slack : 19.717
TNS   : 0.000

------------------------------------------------------------
