Analysis & Synthesis report for final
Sat Nov 26 21:45:02 2022
Quartus Prime Version 18.1.0 Build 625 09/12/2018 SJ Lite Edition


---------------------
; Table of Contents ;
---------------------
  1. Legal Notice
  2. Analysis & Synthesis Summary
  3. Analysis & Synthesis Settings
  4. Parallel Compilation
  5. Analysis & Synthesis Messages
  6. Analysis & Synthesis Suppressed Messages



----------------
; Legal Notice ;
----------------
Copyright (C) 2018  Intel Corporation. All rights reserved.
Your use of Intel Corporation's design tools, logic functions 
and other software and tools, and its AMPP partner logic 
functions, and any output files from any of the foregoing 
(including device programming or simulation files), and any 
associated documentation or information are expressly subject 
to the terms and conditions of the Intel Program License 
Subscription Agreement, the Intel Quartus Prime License Agreement,
the Intel FPGA IP License Agreement, or other applicable license
agreement, including, without limitation, that your use is for
the sole purpose of programming logic devices manufactured by
Intel and sold by Intel or its authorized distributors.  Please
refer to the applicable agreement for further details.



+----------------------------------------------------------------------------------+
; Analysis & Synthesis Summary                                                     ;
+------------------------------------+---------------------------------------------+
; Analysis & Synthesis Status        ; Failed - Sat Nov 26 21:45:02 2022           ;
; Quartus Prime Version              ; 18.1.0 Build 625 09/12/2018 SJ Lite Edition ;
; Revision Name                      ; final                                       ;
; Top-level Entity Name              ; lab62                                       ;
; Family                             ; MAX 10                                      ;
; Total logic elements               ; N/A until Partition Merge                   ;
;     Total combinational functions  ; N/A until Partition Merge                   ;
;     Dedicated logic registers      ; N/A until Partition Merge                   ;
; Total registers                    ; N/A until Partition Merge                   ;
; Total pins                         ; N/A until Partition Merge                   ;
; Total virtual pins                 ; N/A until Partition Merge                   ;
; Total memory bits                  ; N/A until Partition Merge                   ;
; Embedded Multiplier 9-bit elements ; N/A until Partition Merge                   ;
; Total PLLs                         ; N/A until Partition Merge                   ;
; UFM blocks                         ; N/A until Partition Merge                   ;
; ADC blocks                         ; N/A until Partition Merge                   ;
+------------------------------------+---------------------------------------------+


+------------------------------------------------------------------------------------------------------------+
; Analysis & Synthesis Settings                                                                              ;
+------------------------------------------------------------------+--------------------+--------------------+
; Option                                                           ; Setting            ; Default Value      ;
+------------------------------------------------------------------+--------------------+--------------------+
; Device                                                           ; 10M50DAF484C7G     ;                    ;
; Top-level entity name                                            ; lab62              ; final              ;
; Family name                                                      ; MAX 10             ; Cyclone V          ;
; Use smart compilation                                            ; Off                ; Off                ;
; Enable parallel Assembler and Timing Analyzer during compilation ; On                 ; On                 ;
; Enable compact report table                                      ; Off                ; Off                ;
; Restructure Multiplexers                                         ; Auto               ; Auto               ;
; Create Debugging Nodes for IP Cores                              ; Off                ; Off                ;
; Preserve fewer node names                                        ; On                 ; On                 ;
; Intel FPGA IP Evaluation Mode                                    ; Enable             ; Enable             ;
; Verilog Version                                                  ; Verilog_2001       ; Verilog_2001       ;
; VHDL Version                                                     ; VHDL_1993          ; VHDL_1993          ;
; State Machine Processing                                         ; Auto               ; Auto               ;
; Safe State Machine                                               ; Off                ; Off                ;
; Extract Verilog State Machines                                   ; On                 ; On                 ;
; Extract VHDL State Machines                                      ; On                 ; On                 ;
; Ignore Verilog initial constructs                                ; Off                ; Off                ;
; Iteration limit for constant Verilog loops                       ; 5000               ; 5000               ;
; Iteration limit for non-constant Verilog loops                   ; 250                ; 250                ;
; Add Pass-Through Logic to Inferred RAMs                          ; On                 ; On                 ;
; Infer RAMs from Raw Logic                                        ; On                 ; On                 ;
; Parallel Synthesis                                               ; On                 ; On                 ;
; DSP Block Balancing                                              ; Auto               ; Auto               ;
; NOT Gate Push-Back                                               ; On                 ; On                 ;
; Power-Up Don't Care                                              ; On                 ; On                 ;
; Remove Redundant Logic Cells                                     ; Off                ; Off                ;
; Remove Duplicate Registers                                       ; On                 ; On                 ;
; Ignore CARRY Buffers                                             ; Off                ; Off                ;
; Ignore CASCADE Buffers                                           ; Off                ; Off                ;
; Ignore GLOBAL Buffers                                            ; Off                ; Off                ;
; Ignore ROW GLOBAL Buffers                                        ; Off                ; Off                ;
; Ignore LCELL Buffers                                             ; Off                ; Off                ;
; Ignore SOFT Buffers                                              ; On                 ; On                 ;
; Limit AHDL Integers to 32 Bits                                   ; Off                ; Off                ;
; Optimization Technique                                           ; Balanced           ; Balanced           ;
; Carry Chain Length                                               ; 70                 ; 70                 ;
; Auto Carry Chains                                                ; On                 ; On                 ;
; Auto Open-Drain Pins                                             ; On                 ; On                 ;
; Perform WYSIWYG Primitive Resynthesis                            ; Off                ; Off                ;
; Auto ROM Replacement                                             ; On                 ; On                 ;
; Auto RAM Replacement                                             ; On                 ; On                 ;
; Auto DSP Block Replacement                                       ; On                 ; On                 ;
; Auto Shift Register Replacement                                  ; Auto               ; Auto               ;
; Allow Shift Register Merging across Hierarchies                  ; Auto               ; Auto               ;
; Auto Clock Enable Replacement                                    ; On                 ; On                 ;
; Strict RAM Replacement                                           ; Off                ; Off                ;
; Allow Synchronous Control Signals                                ; On                 ; On                 ;
; Force Use of Synchronous Clear Signals                           ; Off                ; Off                ;
; Auto RAM Block Balancing                                         ; On                 ; On                 ;
; Auto RAM to Logic Cell Conversion                                ; Off                ; Off                ;
; Auto Resource Sharing                                            ; Off                ; Off                ;
; Allow Any RAM Size For Recognition                               ; Off                ; Off                ;
; Allow Any ROM Size For Recognition                               ; Off                ; Off                ;
; Allow Any Shift Register Size For Recognition                    ; Off                ; Off                ;
; Use LogicLock Constraints during Resource Balancing              ; On                 ; On                 ;
; Ignore translate_off and synthesis_off directives                ; Off                ; Off                ;
; Timing-Driven Synthesis                                          ; On                 ; On                 ;
; Report Parameter Settings                                        ; On                 ; On                 ;
; Report Source Assignments                                        ; On                 ; On                 ;
; Report Connectivity Checks                                       ; On                 ; On                 ;
; Ignore Maximum Fan-Out Assignments                               ; Off                ; Off                ;
; Synchronization Register Chain Length                            ; 2                  ; 2                  ;
; Power Optimization During Synthesis                              ; Normal compilation ; Normal compilation ;
; HDL message level                                                ; Level2             ; Level2             ;
; Suppress Register Optimization Related Messages                  ; Off                ; Off                ;
; Number of Removed Registers Reported in Synthesis Report         ; 5000               ; 5000               ;
; Number of Swept Nodes Reported in Synthesis Report               ; 5000               ; 5000               ;
; Number of Inverted Registers Reported in Synthesis Report        ; 100                ; 100                ;
; Clock MUX Protection                                             ; On                 ; On                 ;
; Auto Gated Clock Conversion                                      ; Off                ; Off                ;
; Block Design Naming                                              ; Auto               ; Auto               ;
; SDC constraint protection                                        ; Off                ; Off                ;
; Synthesis Effort                                                 ; Auto               ; Auto               ;
; Shift Register Replacement - Allow Asynchronous Clear Signal     ; On                 ; On                 ;
; Pre-Mapping Resynthesis Optimization                             ; Off                ; Off                ;
; Analysis & Synthesis Message Level                               ; Medium             ; Medium             ;
; Disable Register Merging Across Hierarchies                      ; Auto               ; Auto               ;
; Resource Aware Inference For Block RAM                           ; On                 ; On                 ;
+------------------------------------------------------------------+--------------------+--------------------+


+------------------------------------------+
; Parallel Compilation                     ;
+----------------------------+-------------+
; Processors                 ; Number      ;
+----------------------------+-------------+
; Number detected on machine ; 4           ;
; Maximum allowed            ; 4           ;
;                            ;             ;
; Average used               ; 1.00        ;
; Maximum used               ; 1           ;
;                            ;             ;
; Usage by Processor         ; % Time Used ;
;     Processor 1            ; 100.0%      ;
+----------------------------+-------------+


+-------------------------------+
; Analysis & Synthesis Messages ;
+-------------------------------+
Info: *******************************************************************
Info: Running Quartus Prime Analysis & Synthesis
    Info: Version 18.1.0 Build 625 09/12/2018 SJ Lite Edition
    Info: Processing started: Sat Nov 26 21:44:45 2022
Info: Command: quartus_map --read_settings_files=on --write_settings_files=off final -c final
Warning (18236): Number of processors has not been specified which may cause overloading on shared machines.  Set the global assignment NUM_PARALLEL_PROCESSORS in your QSF to an appropriate value for best performance.
Info (20030): Parallel compilation is enabled and will use 4 of the 4 processors detected
Info (12021): Found 1 design units, including 1 entities, in source file draw_engine.sv
    Info (12023): Found entity 1: Draw_Engine File: D:/UIUC_Junior/2022_fall/ECE385/Final_Project/Final_385/final_project/Draw_Engine.sv Line: 1
Info (12021): Found 1 design units, including 1 entities, in source file draw_horizon.sv
    Info (12023): Found entity 1: draw_horizon File: D:/UIUC_Junior/2022_fall/ECE385/Final_Project/Final_385/final_project/draw_horizon.sv Line: 1
Info (12021): Found 1 design units, including 1 entities, in source file draw_score.sv
    Info (12023): Found entity 1: draw_score File: D:/UIUC_Junior/2022_fall/ECE385/Final_Project/Final_385/final_project/draw_score.sv Line: 1
Info (12021): Found 1 design units, including 1 entities, in source file draw_runner.sv
    Info (12023): Found entity 1: draw_runner File: D:/UIUC_Junior/2022_fall/ECE385/Final_Project/Final_385/final_project/draw_runner.sv Line: 1
Info (12021): Found 1 design units, including 1 entities, in source file draw_cloud.sv
    Info (12023): Found entity 1: draw_cloud File: D:/UIUC_Junior/2022_fall/ECE385/Final_Project/Final_385/final_project/draw_cloud.sv Line: 1
Info (12021): Found 1 design units, including 1 entities, in source file frame_buffer.sv
    Info (12023): Found entity 1: frame_buffer File: D:/UIUC_Junior/2022_fall/ECE385/Final_Project/Final_385/final_project/frame_buffer.sv Line: 1
Info (12021): Found 3 design units, including 3 entities, in source file mux_16.sv
    Info (12023): Found entity 1: mux2to1 File: D:/UIUC_Junior/2022_fall/ECE385/Final_Project/Final_385/final_project/mux_16.sv Line: 1
    Info (12023): Found entity 2: mux3to1 File: D:/UIUC_Junior/2022_fall/ECE385/Final_Project/Final_385/final_project/mux_16.sv Line: 17
    Info (12023): Found entity 3: mux4to1 File: D:/UIUC_Junior/2022_fall/ECE385/Final_Project/Final_385/final_project/mux_16.sv Line: 35
Info (12021): Found 0 design units, including 0 entities, in source file struct_declaration.sv
Info (12021): Found 1 design units, including 1 entities, in source file final.sv
    Info (12023): Found entity 1: control File: D:/UIUC_Junior/2022_fall/ECE385/Final_Project/Final_385/final_project/final.sv Line: 5
Info (12021): Found 1 design units, including 1 entities, in source file spriterom.sv
    Info (12023): Found entity 1: spriteROM File: D:/UIUC_Junior/2022_fall/ECE385/Final_Project/Final_385/final_project/spriterom.sv Line: 7
Info (12021): Found 1 design units, including 1 entities, in source file lab62_soc/synthesis/lab62_soc.v
    Info (12023): Found entity 1: lab62_soc File: D:/UIUC_Junior/2022_fall/ECE385/Final_Project/Final_385/final_project/lab62_soc/synthesis/lab62_soc.v Line: 6
Info (12021): Found 1 design units, including 1 entities, in source file lab62_soc/synthesis/submodules/altera_reset_controller.v
    Info (12023): Found entity 1: altera_reset_controller File: D:/UIUC_Junior/2022_fall/ECE385/Final_Project/Final_385/final_project/lab62_soc/synthesis/submodules/altera_reset_controller.v Line: 42
Info (12021): Found 1 design units, including 1 entities, in source file lab62_soc/synthesis/submodules/altera_reset_synchronizer.v
    Info (12023): Found entity 1: altera_reset_synchronizer File: D:/UIUC_Junior/2022_fall/ECE385/Final_Project/Final_385/final_project/lab62_soc/synthesis/submodules/altera_reset_synchronizer.v Line: 24
Info (12021): Found 1 design units, including 1 entities, in source file lab62_soc/synthesis/submodules/lab62_soc_irq_mapper.sv
    Info (12023): Found entity 1: lab62_soc_irq_mapper File: D:/UIUC_Junior/2022_fall/ECE385/Final_Project/Final_385/final_project/lab62_soc/synthesis/submodules/lab62_soc_irq_mapper.sv Line: 31
Info (12021): Found 1 design units, including 1 entities, in source file lab62_soc/synthesis/submodules/lab62_soc_mm_interconnect_0.v
    Info (12023): Found entity 1: lab62_soc_mm_interconnect_0 File: D:/UIUC_Junior/2022_fall/ECE385/Final_Project/Final_385/final_project/lab62_soc/synthesis/submodules/lab62_soc_mm_interconnect_0.v Line: 9
Info (12021): Found 1 design units, including 1 entities, in source file lab62_soc/synthesis/submodules/lab62_soc_mm_interconnect_0_avalon_st_adapter_005.v
    Info (12023): Found entity 1: lab62_soc_mm_interconnect_0_avalon_st_adapter_005 File: D:/UIUC_Junior/2022_fall/ECE385/Final_Project/Final_385/final_project/lab62_soc/synthesis/submodules/lab62_soc_mm_interconnect_0_avalon_st_adapter_005.v Line: 9
Info (12021): Found 1 design units, including 1 entities, in source file lab62_soc/synthesis/submodules/lab62_soc_mm_interconnect_0_avalon_st_adapter_005_error_adapter_0.sv
    Info (12023): Found entity 1: lab62_soc_mm_interconnect_0_avalon_st_adapter_005_error_adapter_0 File: D:/UIUC_Junior/2022_fall/ECE385/Final_Project/Final_385/final_project/lab62_soc/synthesis/submodules/lab62_soc_mm_interconnect_0_avalon_st_adapter_005_error_adapter_0.sv Line: 66
Info (12021): Found 1 design units, including 1 entities, in source file lab62_soc/synthesis/submodules/lab62_soc_mm_interconnect_0_avalon_st_adapter.v
    Info (12023): Found entity 1: lab62_soc_mm_interconnect_0_avalon_st_adapter File: D:/UIUC_Junior/2022_fall/ECE385/Final_Project/Final_385/final_project/lab62_soc/synthesis/submodules/lab62_soc_mm_interconnect_0_avalon_st_adapter.v Line: 9
Info (12021): Found 1 design units, including 1 entities, in source file lab62_soc/synthesis/submodules/lab62_soc_mm_interconnect_0_avalon_st_adapter_error_adapter_0.sv
    Info (12023): Found entity 1: lab62_soc_mm_interconnect_0_avalon_st_adapter_error_adapter_0 File: D:/UIUC_Junior/2022_fall/ECE385/Final_Project/Final_385/final_project/lab62_soc/synthesis/submodules/lab62_soc_mm_interconnect_0_avalon_st_adapter_error_adapter_0.sv Line: 66
Info (12021): Found 1 design units, including 1 entities, in source file lab62_soc/synthesis/submodules/altera_avalon_st_handshake_clock_crosser.v
    Info (12023): Found entity 1: altera_avalon_st_handshake_clock_crosser File: D:/UIUC_Junior/2022_fall/ECE385/Final_Project/Final_385/final_project/lab62_soc/synthesis/submodules/altera_avalon_st_handshake_clock_crosser.v Line: 24
Info (12021): Found 1 design units, including 1 entities, in source file lab62_soc/synthesis/submodules/altera_avalon_st_clock_crosser.v
    Info (12023): Found entity 1: altera_avalon_st_clock_crosser File: D:/UIUC_Junior/2022_fall/ECE385/Final_Project/Final_385/final_project/lab62_soc/synthesis/submodules/altera_avalon_st_clock_crosser.v Line: 22
Info (12021): Found 1 design units, including 1 entities, in source file lab62_soc/synthesis/submodules/altera_avalon_st_pipeline_base.v
    Info (12023): Found entity 1: altera_avalon_st_pipeline_base File: D:/UIUC_Junior/2022_fall/ECE385/Final_Project/Final_385/final_project/lab62_soc/synthesis/submodules/altera_avalon_st_pipeline_base.v Line: 22
Info (12021): Found 1 design units, including 1 entities, in source file lab62_soc/synthesis/submodules/altera_std_synchronizer_nocut.v
    Info (12023): Found entity 1: altera_std_synchronizer_nocut File: D:/UIUC_Junior/2022_fall/ECE385/Final_Project/Final_385/final_project/lab62_soc/synthesis/submodules/altera_std_synchronizer_nocut.v Line: 44
Info (12021): Found 1 design units, including 1 entities, in source file lab62_soc/synthesis/submodules/altera_merlin_width_adapter.sv
    Info (12023): Found entity 1: altera_merlin_width_adapter File: D:/UIUC_Junior/2022_fall/ECE385/Final_Project/Final_385/final_project/lab62_soc/synthesis/submodules/altera_merlin_width_adapter.sv Line: 25
Info (12021): Found 1 design units, including 1 entities, in source file lab62_soc/synthesis/submodules/altera_merlin_address_alignment.sv
    Info (12023): Found entity 1: altera_merlin_address_alignment File: D:/UIUC_Junior/2022_fall/ECE385/Final_Project/Final_385/final_project/lab62_soc/synthesis/submodules/altera_merlin_address_alignment.sv Line: 26
Info (12021): Found 1 design units, including 1 entities, in source file lab62_soc/synthesis/submodules/altera_merlin_burst_uncompressor.sv
    Info (12023): Found entity 1: altera_merlin_burst_uncompressor File: D:/UIUC_Junior/2022_fall/ECE385/Final_Project/Final_385/final_project/lab62_soc/synthesis/submodules/altera_merlin_burst_uncompressor.sv Line: 40
Info (12021): Found 1 design units, including 1 entities, in source file lab62_soc/synthesis/submodules/lab62_soc_mm_interconnect_0_rsp_mux.sv
    Info (12023): Found entity 1: lab62_soc_mm_interconnect_0_rsp_mux File: D:/UIUC_Junior/2022_fall/ECE385/Final_Project/Final_385/final_project/lab62_soc/synthesis/submodules/lab62_soc_mm_interconnect_0_rsp_mux.sv Line: 51
Info (12021): Found 2 design units, including 2 entities, in source file lab62_soc/synthesis/submodules/altera_merlin_arbitrator.sv
    Info (12023): Found entity 1: altera_merlin_arbitrator File: D:/UIUC_Junior/2022_fall/ECE385/Final_Project/Final_385/final_project/lab62_soc/synthesis/submodules/altera_merlin_arbitrator.sv Line: 103
    Info (12023): Found entity 2: altera_merlin_arb_adder File: D:/UIUC_Junior/2022_fall/ECE385/Final_Project/Final_385/final_project/lab62_soc/synthesis/submodules/altera_merlin_arbitrator.sv Line: 228
Info (12021): Found 1 design units, including 1 entities, in source file lab62_soc/synthesis/submodules/lab62_soc_mm_interconnect_0_rsp_demux.sv
    Info (12023): Found entity 1: lab62_soc_mm_interconnect_0_rsp_demux File: D:/UIUC_Junior/2022_fall/ECE385/Final_Project/Final_385/final_project/lab62_soc/synthesis/submodules/lab62_soc_mm_interconnect_0_rsp_demux.sv Line: 43
Info (12021): Found 1 design units, including 1 entities, in source file lab62_soc/synthesis/submodules/lab62_soc_mm_interconnect_0_cmd_mux.sv
    Info (12023): Found entity 1: lab62_soc_mm_interconnect_0_cmd_mux File: D:/UIUC_Junior/2022_fall/ECE385/Final_Project/Final_385/final_project/lab62_soc/synthesis/submodules/lab62_soc_mm_interconnect_0_cmd_mux.sv Line: 51
Info (12021): Found 1 design units, including 1 entities, in source file lab62_soc/synthesis/submodules/lab62_soc_mm_interconnect_0_cmd_demux.sv
    Info (12023): Found entity 1: lab62_soc_mm_interconnect_0_cmd_demux File: D:/UIUC_Junior/2022_fall/ECE385/Final_Project/Final_385/final_project/lab62_soc/synthesis/submodules/lab62_soc_mm_interconnect_0_cmd_demux.sv Line: 43
Info (12021): Found 1 design units, including 1 entities, in source file lab62_soc/synthesis/submodules/altera_merlin_burst_adapter.sv
    Info (12023): Found entity 1: altera_merlin_burst_adapter File: D:/UIUC_Junior/2022_fall/ECE385/Final_Project/Final_385/final_project/lab62_soc/synthesis/submodules/altera_merlin_burst_adapter.sv Line: 21
Info (12021): Found 1 design units, including 1 entities, in source file lab62_soc/synthesis/submodules/altera_merlin_burst_adapter_uncmpr.sv
    Info (12023): Found entity 1: altera_merlin_burst_adapter_uncompressed_only File: D:/UIUC_Junior/2022_fall/ECE385/Final_Project/Final_385/final_project/lab62_soc/synthesis/submodules/altera_merlin_burst_adapter_uncmpr.sv Line: 39
Info (12021): Found 5 design units, including 5 entities, in source file lab62_soc/synthesis/submodules/altera_merlin_burst_adapter_13_1.sv
    Info (12023): Found entity 1: altera_merlin_burst_adapter_burstwrap_increment File: D:/UIUC_Junior/2022_fall/ECE385/Final_Project/Final_385/final_project/lab62_soc/synthesis/submodules/altera_merlin_burst_adapter_13_1.sv Line: 40
    Info (12023): Found entity 2: altera_merlin_burst_adapter_adder File: D:/UIUC_Junior/2022_fall/ECE385/Final_Project/Final_385/final_project/lab62_soc/synthesis/submodules/altera_merlin_burst_adapter_13_1.sv Line: 55
    Info (12023): Found entity 3: altera_merlin_burst_adapter_subtractor File: D:/UIUC_Junior/2022_fall/ECE385/Final_Project/Final_385/final_project/lab62_soc/synthesis/submodules/altera_merlin_burst_adapter_13_1.sv Line: 77
    Info (12023): Found entity 4: altera_merlin_burst_adapter_min File: D:/UIUC_Junior/2022_fall/ECE385/Final_Project/Final_385/final_project/lab62_soc/synthesis/submodules/altera_merlin_burst_adapter_13_1.sv Line: 98
    Info (12023): Found entity 5: altera_merlin_burst_adapter_13_1 File: D:/UIUC_Junior/2022_fall/ECE385/Final_Project/Final_385/final_project/lab62_soc/synthesis/submodules/altera_merlin_burst_adapter_13_1.sv Line: 264
Info (12021): Found 1 design units, including 1 entities, in source file lab62_soc/synthesis/submodules/altera_merlin_burst_adapter_new.sv
    Info (12023): Found entity 1: altera_merlin_burst_adapter_new File: D:/UIUC_Junior/2022_fall/ECE385/Final_Project/Final_385/final_project/lab62_soc/synthesis/submodules/altera_merlin_burst_adapter_new.sv Line: 25
Info (12021): Found 1 design units, including 1 entities, in source file lab62_soc/synthesis/submodules/altera_incr_burst_converter.sv
    Info (12023): Found entity 1: altera_incr_burst_converter File: D:/UIUC_Junior/2022_fall/ECE385/Final_Project/Final_385/final_project/lab62_soc/synthesis/submodules/altera_incr_burst_converter.sv Line: 28
Info (12021): Found 1 design units, including 1 entities, in source file lab62_soc/synthesis/submodules/altera_wrap_burst_converter.sv
    Info (12023): Found entity 1: altera_wrap_burst_converter File: D:/UIUC_Junior/2022_fall/ECE385/Final_Project/Final_385/final_project/lab62_soc/synthesis/submodules/altera_wrap_burst_converter.sv Line: 27
Info (12021): Found 1 design units, including 1 entities, in source file lab62_soc/synthesis/submodules/altera_default_burst_converter.sv
    Info (12023): Found entity 1: altera_default_burst_converter File: D:/UIUC_Junior/2022_fall/ECE385/Final_Project/Final_385/final_project/lab62_soc/synthesis/submodules/altera_default_burst_converter.sv Line: 30
Info (12021): Found 1 design units, including 1 entities, in source file lab62_soc/synthesis/submodules/altera_avalon_st_pipeline_stage.sv
    Info (12023): Found entity 1: altera_avalon_st_pipeline_stage File: D:/UIUC_Junior/2022_fall/ECE385/Final_Project/Final_385/final_project/lab62_soc/synthesis/submodules/altera_avalon_st_pipeline_stage.sv Line: 22
Info (12021): Found 2 design units, including 2 entities, in source file lab62_soc/synthesis/submodules/lab62_soc_mm_interconnect_0_router_007.sv
    Info (12023): Found entity 1: lab62_soc_mm_interconnect_0_router_007_default_decode File: D:/UIUC_Junior/2022_fall/ECE385/Final_Project/Final_385/final_project/lab62_soc/synthesis/submodules/lab62_soc_mm_interconnect_0_router_007.sv Line: 45
    Info (12023): Found entity 2: lab62_soc_mm_interconnect_0_router_007 File: D:/UIUC_Junior/2022_fall/ECE385/Final_Project/Final_385/final_project/lab62_soc/synthesis/submodules/lab62_soc_mm_interconnect_0_router_007.sv Line: 84
Info (12021): Found 2 design units, including 2 entities, in source file lab62_soc/synthesis/submodules/lab62_soc_mm_interconnect_0_router_002.sv
    Info (12023): Found entity 1: lab62_soc_mm_interconnect_0_router_002_default_decode File: D:/UIUC_Junior/2022_fall/ECE385/Final_Project/Final_385/final_project/lab62_soc/synthesis/submodules/lab62_soc_mm_interconnect_0_router_002.sv Line: 45
    Info (12023): Found entity 2: lab62_soc_mm_interconnect_0_router_002 File: D:/UIUC_Junior/2022_fall/ECE385/Final_Project/Final_385/final_project/lab62_soc/synthesis/submodules/lab62_soc_mm_interconnect_0_router_002.sv Line: 84
Info (12021): Found 2 design units, including 2 entities, in source file lab62_soc/synthesis/submodules/lab62_soc_mm_interconnect_0_router.sv
    Info (12023): Found entity 1: lab62_soc_mm_interconnect_0_router_default_decode File: D:/UIUC_Junior/2022_fall/ECE385/Final_Project/Final_385/final_project/lab62_soc/synthesis/submodules/lab62_soc_mm_interconnect_0_router.sv Line: 45
    Info (12023): Found entity 2: lab62_soc_mm_interconnect_0_router File: D:/UIUC_Junior/2022_fall/ECE385/Final_Project/Final_385/final_project/lab62_soc/synthesis/submodules/lab62_soc_mm_interconnect_0_router.sv Line: 84
Info (12021): Found 1 design units, including 1 entities, in source file lab62_soc/synthesis/submodules/altera_avalon_sc_fifo.v
    Info (12023): Found entity 1: altera_avalon_sc_fifo File: D:/UIUC_Junior/2022_fall/ECE385/Final_Project/Final_385/final_project/lab62_soc/synthesis/submodules/altera_avalon_sc_fifo.v Line: 21
Info (12021): Found 1 design units, including 1 entities, in source file lab62_soc/synthesis/submodules/altera_merlin_slave_agent.sv
    Info (12023): Found entity 1: altera_merlin_slave_agent File: D:/UIUC_Junior/2022_fall/ECE385/Final_Project/Final_385/final_project/lab62_soc/synthesis/submodules/altera_merlin_slave_agent.sv Line: 34
Info (12021): Found 1 design units, including 1 entities, in source file lab62_soc/synthesis/submodules/altera_merlin_master_agent.sv
    Info (12023): Found entity 1: altera_merlin_master_agent File: D:/UIUC_Junior/2022_fall/ECE385/Final_Project/Final_385/final_project/lab62_soc/synthesis/submodules/altera_merlin_master_agent.sv Line: 28
Info (12021): Found 1 design units, including 1 entities, in source file lab62_soc/synthesis/submodules/altera_merlin_slave_translator.sv
    Info (12023): Found entity 1: altera_merlin_slave_translator File: D:/UIUC_Junior/2022_fall/ECE385/Final_Project/Final_385/final_project/lab62_soc/synthesis/submodules/altera_merlin_slave_translator.sv Line: 35
Info (12021): Found 1 design units, including 1 entities, in source file lab62_soc/synthesis/submodules/altera_merlin_master_translator.sv
    Info (12023): Found entity 1: altera_merlin_master_translator File: D:/UIUC_Junior/2022_fall/ECE385/Final_Project/Final_385/final_project/lab62_soc/synthesis/submodules/altera_merlin_master_translator.sv Line: 32
Info (12021): Found 1 design units, including 1 entities, in source file lab62_soc/synthesis/submodules/lab62_soc_usb_rst.v
    Info (12023): Found entity 1: lab62_soc_usb_rst File: D:/UIUC_Junior/2022_fall/ECE385/Final_Project/Final_385/final_project/lab62_soc/synthesis/submodules/lab62_soc_usb_rst.v Line: 21
Info (12021): Found 1 design units, including 1 entities, in source file lab62_soc/synthesis/submodules/lab62_soc_usb_gpx.v
    Info (12023): Found entity 1: lab62_soc_usb_gpx File: D:/UIUC_Junior/2022_fall/ECE385/Final_Project/Final_385/final_project/lab62_soc/synthesis/submodules/lab62_soc_usb_gpx.v Line: 21
Info (12021): Found 1 design units, including 1 entities, in source file lab62_soc/synthesis/submodules/lab62_soc_timer_0.v
    Info (12023): Found entity 1: lab62_soc_timer_0 File: D:/UIUC_Junior/2022_fall/ECE385/Final_Project/Final_385/final_project/lab62_soc/synthesis/submodules/lab62_soc_timer_0.v Line: 21
Info (12021): Found 1 design units, including 1 entities, in source file lab62_soc/synthesis/submodules/lab62_soc_sysid_qsys_0.v
    Info (12023): Found entity 1: lab62_soc_sysid_qsys_0 File: D:/UIUC_Junior/2022_fall/ECE385/Final_Project/Final_385/final_project/lab62_soc/synthesis/submodules/lab62_soc_sysid_qsys_0.v Line: 34
Info (12021): Found 1 design units, including 1 entities, in source file lab62_soc/synthesis/submodules/lab62_soc_spi_0.v
    Info (12023): Found entity 1: lab62_soc_spi_0 File: D:/UIUC_Junior/2022_fall/ECE385/Final_Project/Final_385/final_project/lab62_soc/synthesis/submodules/lab62_soc_spi_0.v Line: 41
Info (12021): Found 4 design units, including 4 entities, in source file lab62_soc/synthesis/submodules/lab62_soc_sdram_pll.v
    Info (12023): Found entity 1: lab62_soc_sdram_pll_dffpipe_l2c File: D:/UIUC_Junior/2022_fall/ECE385/Final_Project/Final_385/final_project/lab62_soc/synthesis/submodules/lab62_soc_sdram_pll.v Line: 37
    Info (12023): Found entity 2: lab62_soc_sdram_pll_stdsync_sv6 File: D:/UIUC_Junior/2022_fall/ECE385/Final_Project/Final_385/final_project/lab62_soc/synthesis/submodules/lab62_soc_sdram_pll.v Line: 98
    Info (12023): Found entity 3: lab62_soc_sdram_pll_altpll_vg92 File: D:/UIUC_Junior/2022_fall/ECE385/Final_Project/Final_385/final_project/lab62_soc/synthesis/submodules/lab62_soc_sdram_pll.v Line: 130
    Info (12023): Found entity 4: lab62_soc_sdram_pll File: D:/UIUC_Junior/2022_fall/ECE385/Final_Project/Final_385/final_project/lab62_soc/synthesis/submodules/lab62_soc_sdram_pll.v Line: 217
Info (12021): Found 2 design units, including 2 entities, in source file lab62_soc/synthesis/submodules/lab62_soc_sdram.v
    Info (12023): Found entity 1: lab62_soc_sdram_input_efifo_module File: D:/UIUC_Junior/2022_fall/ECE385/Final_Project/Final_385/final_project/lab62_soc/synthesis/submodules/lab62_soc_sdram.v Line: 21
    Info (12023): Found entity 2: lab62_soc_sdram File: D:/UIUC_Junior/2022_fall/ECE385/Final_Project/Final_385/final_project/lab62_soc/synthesis/submodules/lab62_soc_sdram.v Line: 159
Info (12021): Found 1 design units, including 1 entities, in source file lab62_soc/synthesis/submodules/lab62_soc_onchip_memory2_0.v
    Info (12023): Found entity 1: lab62_soc_onchip_memory2_0 File: D:/UIUC_Junior/2022_fall/ECE385/Final_Project/Final_385/final_project/lab62_soc/synthesis/submodules/lab62_soc_onchip_memory2_0.v Line: 21
Info (12021): Found 1 design units, including 1 entities, in source file lab62_soc/synthesis/submodules/lab62_soc_nios2_gen2_0.v
    Info (12023): Found entity 1: lab62_soc_nios2_gen2_0 File: D:/UIUC_Junior/2022_fall/ECE385/Final_Project/Final_385/final_project/lab62_soc/synthesis/submodules/lab62_soc_nios2_gen2_0.v Line: 9
Info (12021): Found 21 design units, including 21 entities, in source file lab62_soc/synthesis/submodules/lab62_soc_nios2_gen2_0_cpu.v
    Info (12023): Found entity 1: lab62_soc_nios2_gen2_0_cpu_register_bank_a_module File: D:/UIUC_Junior/2022_fall/ECE385/Final_Project/Final_385/final_project/lab62_soc/synthesis/submodules/lab62_soc_nios2_gen2_0_cpu.v Line: 21
    Info (12023): Found entity 2: lab62_soc_nios2_gen2_0_cpu_register_bank_b_module File: D:/UIUC_Junior/2022_fall/ECE385/Final_Project/Final_385/final_project/lab62_soc/synthesis/submodules/lab62_soc_nios2_gen2_0_cpu.v Line: 87
    Info (12023): Found entity 3: lab62_soc_nios2_gen2_0_cpu_nios2_oci_debug File: D:/UIUC_Junior/2022_fall/ECE385/Final_Project/Final_385/final_project/lab62_soc/synthesis/submodules/lab62_soc_nios2_gen2_0_cpu.v Line: 153
    Info (12023): Found entity 4: lab62_soc_nios2_gen2_0_cpu_nios2_oci_break File: D:/UIUC_Junior/2022_fall/ECE385/Final_Project/Final_385/final_project/lab62_soc/synthesis/submodules/lab62_soc_nios2_gen2_0_cpu.v Line: 295
    Info (12023): Found entity 5: lab62_soc_nios2_gen2_0_cpu_nios2_oci_xbrk File: D:/UIUC_Junior/2022_fall/ECE385/Final_Project/Final_385/final_project/lab62_soc/synthesis/submodules/lab62_soc_nios2_gen2_0_cpu.v Line: 588
    Info (12023): Found entity 6: lab62_soc_nios2_gen2_0_cpu_nios2_oci_dbrk File: D:/UIUC_Junior/2022_fall/ECE385/Final_Project/Final_385/final_project/lab62_soc/synthesis/submodules/lab62_soc_nios2_gen2_0_cpu.v Line: 795
    Info (12023): Found entity 7: lab62_soc_nios2_gen2_0_cpu_nios2_oci_itrace File: D:/UIUC_Junior/2022_fall/ECE385/Final_Project/Final_385/final_project/lab62_soc/synthesis/submodules/lab62_soc_nios2_gen2_0_cpu.v Line: 982
    Info (12023): Found entity 8: lab62_soc_nios2_gen2_0_cpu_nios2_oci_td_mode File: D:/UIUC_Junior/2022_fall/ECE385/Final_Project/Final_385/final_project/lab62_soc/synthesis/submodules/lab62_soc_nios2_gen2_0_cpu.v Line: 1115
    Info (12023): Found entity 9: lab62_soc_nios2_gen2_0_cpu_nios2_oci_dtrace File: D:/UIUC_Junior/2022_fall/ECE385/Final_Project/Final_385/final_project/lab62_soc/synthesis/submodules/lab62_soc_nios2_gen2_0_cpu.v Line: 1183
    Info (12023): Found entity 10: lab62_soc_nios2_gen2_0_cpu_nios2_oci_compute_input_tm_cnt File: D:/UIUC_Junior/2022_fall/ECE385/Final_Project/Final_385/final_project/lab62_soc/synthesis/submodules/lab62_soc_nios2_gen2_0_cpu.v Line: 1265
    Info (12023): Found entity 11: lab62_soc_nios2_gen2_0_cpu_nios2_oci_fifo_wrptr_inc File: D:/UIUC_Junior/2022_fall/ECE385/Final_Project/Final_385/final_project/lab62_soc/synthesis/submodules/lab62_soc_nios2_gen2_0_cpu.v Line: 1337
    Info (12023): Found entity 12: lab62_soc_nios2_gen2_0_cpu_nios2_oci_fifo_cnt_inc File: D:/UIUC_Junior/2022_fall/ECE385/Final_Project/Final_385/final_project/lab62_soc/synthesis/submodules/lab62_soc_nios2_gen2_0_cpu.v Line: 1380
    Info (12023): Found entity 13: lab62_soc_nios2_gen2_0_cpu_nios2_oci_fifo File: D:/UIUC_Junior/2022_fall/ECE385/Final_Project/Final_385/final_project/lab62_soc/synthesis/submodules/lab62_soc_nios2_gen2_0_cpu.v Line: 1427
    Info (12023): Found entity 14: lab62_soc_nios2_gen2_0_cpu_nios2_oci_pib File: D:/UIUC_Junior/2022_fall/ECE385/Final_Project/Final_385/final_project/lab62_soc/synthesis/submodules/lab62_soc_nios2_gen2_0_cpu.v Line: 1913
    Info (12023): Found entity 15: lab62_soc_nios2_gen2_0_cpu_nios2_oci_im File: D:/UIUC_Junior/2022_fall/ECE385/Final_Project/Final_385/final_project/lab62_soc/synthesis/submodules/lab62_soc_nios2_gen2_0_cpu.v Line: 1936
    Info (12023): Found entity 16: lab62_soc_nios2_gen2_0_cpu_nios2_performance_monitors File: D:/UIUC_Junior/2022_fall/ECE385/Final_Project/Final_385/final_project/lab62_soc/synthesis/submodules/lab62_soc_nios2_gen2_0_cpu.v Line: 2006
    Info (12023): Found entity 17: lab62_soc_nios2_gen2_0_cpu_nios2_avalon_reg File: D:/UIUC_Junior/2022_fall/ECE385/Final_Project/Final_385/final_project/lab62_soc/synthesis/submodules/lab62_soc_nios2_gen2_0_cpu.v Line: 2023
    Info (12023): Found entity 18: lab62_soc_nios2_gen2_0_cpu_ociram_sp_ram_module File: D:/UIUC_Junior/2022_fall/ECE385/Final_Project/Final_385/final_project/lab62_soc/synthesis/submodules/lab62_soc_nios2_gen2_0_cpu.v Line: 2116
    Info (12023): Found entity 19: lab62_soc_nios2_gen2_0_cpu_nios2_ocimem File: D:/UIUC_Junior/2022_fall/ECE385/Final_Project/Final_385/final_project/lab62_soc/synthesis/submodules/lab62_soc_nios2_gen2_0_cpu.v Line: 2181
    Info (12023): Found entity 20: lab62_soc_nios2_gen2_0_cpu_nios2_oci File: D:/UIUC_Junior/2022_fall/ECE385/Final_Project/Final_385/final_project/lab62_soc/synthesis/submodules/lab62_soc_nios2_gen2_0_cpu.v Line: 2362
    Info (12023): Found entity 21: lab62_soc_nios2_gen2_0_cpu File: D:/UIUC_Junior/2022_fall/ECE385/Final_Project/Final_385/final_project/lab62_soc/synthesis/submodules/lab62_soc_nios2_gen2_0_cpu.v Line: 2834
Info (12021): Found 1 design units, including 1 entities, in source file lab62_soc/synthesis/submodules/lab62_soc_nios2_gen2_0_cpu_debug_slave_sysclk.v
    Info (12023): Found entity 1: lab62_soc_nios2_gen2_0_cpu_debug_slave_sysclk File: D:/UIUC_Junior/2022_fall/ECE385/Final_Project/Final_385/final_project/lab62_soc/synthesis/submodules/lab62_soc_nios2_gen2_0_cpu_debug_slave_sysclk.v Line: 21
Info (12021): Found 1 design units, including 1 entities, in source file lab62_soc/synthesis/submodules/lab62_soc_nios2_gen2_0_cpu_debug_slave_tck.v
    Info (12023): Found entity 1: lab62_soc_nios2_gen2_0_cpu_debug_slave_tck File: D:/UIUC_Junior/2022_fall/ECE385/Final_Project/Final_385/final_project/lab62_soc/synthesis/submodules/lab62_soc_nios2_gen2_0_cpu_debug_slave_tck.v Line: 21
Info (12021): Found 1 design units, including 1 entities, in source file lab62_soc/synthesis/submodules/lab62_soc_nios2_gen2_0_cpu_debug_slave_wrapper.v
    Info (12023): Found entity 1: lab62_soc_nios2_gen2_0_cpu_debug_slave_wrapper File: D:/UIUC_Junior/2022_fall/ECE385/Final_Project/Final_385/final_project/lab62_soc/synthesis/submodules/lab62_soc_nios2_gen2_0_cpu_debug_slave_wrapper.v Line: 21
Info (12021): Found 1 design units, including 1 entities, in source file lab62_soc/synthesis/submodules/lab62_soc_nios2_gen2_0_cpu_test_bench.v
    Info (12023): Found entity 1: lab62_soc_nios2_gen2_0_cpu_test_bench File: D:/UIUC_Junior/2022_fall/ECE385/Final_Project/Final_385/final_project/lab62_soc/synthesis/submodules/lab62_soc_nios2_gen2_0_cpu_test_bench.v Line: 21
Info (12021): Found 1 design units, including 1 entities, in source file lab62_soc/synthesis/submodules/lab62_soc_leds_pio.v
    Info (12023): Found entity 1: lab62_soc_leds_pio File: D:/UIUC_Junior/2022_fall/ECE385/Final_Project/Final_385/final_project/lab62_soc/synthesis/submodules/lab62_soc_leds_pio.v Line: 21
Info (12021): Found 1 design units, including 1 entities, in source file lab62_soc/synthesis/submodules/lab62_soc_keycode.v
    Info (12023): Found entity 1: lab62_soc_keycode File: D:/UIUC_Junior/2022_fall/ECE385/Final_Project/Final_385/final_project/lab62_soc/synthesis/submodules/lab62_soc_keycode.v Line: 21
Info (12021): Found 1 design units, including 1 entities, in source file lab62_soc/synthesis/submodules/lab62_soc_key.v
    Info (12023): Found entity 1: lab62_soc_key File: D:/UIUC_Junior/2022_fall/ECE385/Final_Project/Final_385/final_project/lab62_soc/synthesis/submodules/lab62_soc_key.v Line: 21
Info (12021): Found 5 design units, including 5 entities, in source file lab62_soc/synthesis/submodules/lab62_soc_jtag_uart_0.v
    Info (12023): Found entity 1: lab62_soc_jtag_uart_0_sim_scfifo_w File: D:/UIUC_Junior/2022_fall/ECE385/Final_Project/Final_385/final_project/lab62_soc/synthesis/submodules/lab62_soc_jtag_uart_0.v Line: 21
    Info (12023): Found entity 2: lab62_soc_jtag_uart_0_scfifo_w File: D:/UIUC_Junior/2022_fall/ECE385/Final_Project/Final_385/final_project/lab62_soc/synthesis/submodules/lab62_soc_jtag_uart_0.v Line: 78
    Info (12023): Found entity 3: lab62_soc_jtag_uart_0_sim_scfifo_r File: D:/UIUC_Junior/2022_fall/ECE385/Final_Project/Final_385/final_project/lab62_soc/synthesis/submodules/lab62_soc_jtag_uart_0.v Line: 164
    Info (12023): Found entity 4: lab62_soc_jtag_uart_0_scfifo_r File: D:/UIUC_Junior/2022_fall/ECE385/Final_Project/Final_385/final_project/lab62_soc/synthesis/submodules/lab62_soc_jtag_uart_0.v Line: 243
    Info (12023): Found entity 5: lab62_soc_jtag_uart_0 File: D:/UIUC_Junior/2022_fall/ECE385/Final_Project/Final_385/final_project/lab62_soc/synthesis/submodules/lab62_soc_jtag_uart_0.v Line: 331
Info (12021): Found 1 design units, including 1 entities, in source file lab62_soc/synthesis/submodules/lab62_soc_hex_digits_pio.v
    Info (12023): Found entity 1: lab62_soc_hex_digits_pio File: D:/UIUC_Junior/2022_fall/ECE385/Final_Project/Final_385/final_project/lab62_soc/synthesis/submodules/lab62_soc_hex_digits_pio.v Line: 21
Info (12021): Found 1 design units, including 1 entities, in source file vga_controller.sv
    Info (12023): Found entity 1: vga_controller File: D:/UIUC_Junior/2022_fall/ECE385/Final_Project/Final_385/final_project/VGA_controller.sv Line: 25
Info (12021): Found 1 design units, including 1 entities, in source file lab62.sv
    Info (12023): Found entity 1: lab62 File: D:/UIUC_Junior/2022_fall/ECE385/Final_Project/Final_385/final_project/lab62.sv Line: 9
Info (12021): Found 1 design units, including 1 entities, in source file hexdriver.sv
    Info (12023): Found entity 1: HexDriver File: D:/UIUC_Junior/2022_fall/ECE385/Final_Project/Final_385/final_project/HexDriver.sv Line: 1
Info (12021): Found 1 design units, including 1 entities, in source file color_mapper.sv
    Info (12023): Found entity 1: color_mapper File: D:/UIUC_Junior/2022_fall/ECE385/Final_Project/Final_385/final_project/Color_Mapper.sv Line: 16
Info (12021): Found 1 design units, including 1 entities, in source file ball.sv
    Info (12023): Found entity 1: ball File: D:/UIUC_Junior/2022_fall/ECE385/Final_Project/Final_385/final_project/ball.sv Line: 16
Info (12021): Found 1 design units, including 1 entities, in source file palette.sv
    Info (12023): Found entity 1: palette File: D:/UIUC_Junior/2022_fall/ECE385/Final_Project/Final_385/final_project/palette.sv Line: 1
Info (12021): Found 1 design units, including 1 entities, in source file buffer.v
    Info (12023): Found entity 1: buffer File: D:/UIUC_Junior/2022_fall/ECE385/Final_Project/Final_385/final_project/buffer.v Line: 39
Info (12021): Found 1 design units, including 1 entities, in source file buffer_fifo.v
    Info (12023): Found entity 1: buffer_fifo File: D:/UIUC_Junior/2022_fall/ECE385/Final_Project/Final_385/final_project/buffer_fifo.v Line: 39
Info (12021): Found 1 design units, including 1 entities, in source file spriterom1.v
    Info (12023): Found entity 1: spriterom1 File: D:/UIUC_Junior/2022_fall/ECE385/Final_Project/Final_385/final_project/spriterom1.v Line: 39
Info (12021): Found 1 design units, including 1 entities, in source file spriterom2.v
    Info (12023): Found entity 1: spriterom2 File: D:/UIUC_Junior/2022_fall/ECE385/Final_Project/Final_385/final_project/spriterom2.v Line: 39
Info (12021): Found 1 design units, including 1 entities, in source file spriterom3.v
    Info (12023): Found entity 1: spriterom3 File: D:/UIUC_Junior/2022_fall/ECE385/Final_Project/Final_385/final_project/spriterom3.v Line: 39
Info (12021): Found 1 design units, including 1 entities, in source file spriterom4.v
    Info (12023): Found entity 1: spriterom4 File: D:/UIUC_Junior/2022_fall/ECE385/Final_Project/Final_385/final_project/spriterom4.v Line: 39
Info (12021): Found 1 design units, including 1 entities, in source file lfsr.sv
    Info (12023): Found entity 1: LFSR File: D:/UIUC_Junior/2022_fall/ECE385/Final_Project/Final_385/final_project/LFSR.sv Line: 1
Warning (10236): Verilog HDL Implicit Net warning at Color_Mapper.sv(201): created implicit net for "buffer_select" File: D:/UIUC_Junior/2022_fall/ECE385/Final_Project/Final_385/final_project/Color_Mapper.sv Line: 201
Error (10163): Verilog HDL error at Draw_Engine.sv(87): illegal name "LAYER_1" used in expression File: D:/UIUC_Junior/2022_fall/ECE385/Final_Project/Final_385/final_project/Draw_Engine.sv Line: 87
Error (10163): Verilog HDL error at Draw_Engine.sv(90): illegal name "LAYER_1" used in expression File: D:/UIUC_Junior/2022_fall/ECE385/Final_Project/Final_385/final_project/Draw_Engine.sv Line: 90
Error (10163): Verilog HDL error at Draw_Engine.sv(101): illegal name "LAYER_1" used in expression File: D:/UIUC_Junior/2022_fall/ECE385/Final_Project/Final_385/final_project/Draw_Engine.sv Line: 101
Error (10163): Verilog HDL error at Draw_Engine.sv(107): illegal name "LAYER_1" used in expression File: D:/UIUC_Junior/2022_fall/ECE385/Final_Project/Final_385/final_project/Draw_Engine.sv Line: 107
Error (10163): Verilog HDL error at Draw_Engine.sv(112): illegal name "LAYER_1" used in expression File: D:/UIUC_Junior/2022_fall/ECE385/Final_Project/Final_385/final_project/Draw_Engine.sv Line: 112
Error (10163): Verilog HDL error at Draw_Engine.sv(116): illegal name "LAYER_1" used in expression File: D:/UIUC_Junior/2022_fall/ECE385/Final_Project/Final_385/final_project/Draw_Engine.sv Line: 116
Error (10163): Verilog HDL error at Draw_Engine.sv(121): illegal name "LAYER_1" used in expression File: D:/UIUC_Junior/2022_fall/ECE385/Final_Project/Final_385/final_project/Draw_Engine.sv Line: 121
Error (10163): Verilog HDL error at Draw_Engine.sv(128): illegal name "LAYER_1" used in expression File: D:/UIUC_Junior/2022_fall/ECE385/Final_Project/Final_385/final_project/Draw_Engine.sv Line: 128
Error (10163): Verilog HDL error at Draw_Engine.sv(134): illegal name "LAYER_1" used in expression File: D:/UIUC_Junior/2022_fall/ECE385/Final_Project/Final_385/final_project/Draw_Engine.sv Line: 134
Info (144001): Generated suppressed messages file D:/UIUC_Junior/2022_fall/ECE385/Final_Project/Final_385/final_project/output_files/final.map.smsg
Error: Quartus Prime Analysis & Synthesis was unsuccessful. 9 errors, 2 warnings
    Error: Peak virtual memory: 4733 megabytes
    Error: Processing ended: Sat Nov 26 21:45:04 2022
    Error: Elapsed time: 00:00:19
    Error: Total CPU time (on all processors): 00:00:32


+------------------------------------------+
; Analysis & Synthesis Suppressed Messages ;
+------------------------------------------+
The suppressed messages can be found in D:/UIUC_Junior/2022_fall/ECE385/Final_Project/Final_385/final_project/output_files/final.map.smsg.


