------------------------------------------------------------
Timing Analyzer Summary
------------------------------------------------------------

Type  : Slow 1200mV 85C Model Setup 'MAX10_CLK1_50'
Slack : -153.698
TNS   : -22823.086

Type  : Slow 1200mV 85C Model Setup 'vga_controller:vga0|clkdiv'
Slack : -54.752
TNS   : -156.548

Type  : Slow 1200mV 85C Model Setup 'vga_controller:vga0|vs'
Slack : -49.024
TNS   : -49.024

Type  : Slow 1200mV 85C Model Setup 'u0|sdram_pll|sd1|pll7|clk[0]'
Slack : 8.256
TNS   : 0.000

Type  : Slow 1200mV 85C Model Setup 'altera_reserved_tck'
Slack : 11.014
TNS   : 0.000

Type  : Slow 1200mV 85C Model Setup 'clk_dram_ext'
Slack : 15.442
TNS   : 0.000

Type  : Slow 1200mV 85C Model Setup 'vga_controller:vga0|hs'
Slack : 33.670
TNS   : 0.000

Type  : Slow 1200mV 85C Model Setup 'color_mapper:color0|draw_cactus:cactus0|change_type'
Slack : 37.680
TNS   : 0.000

Type  : Slow 1200mV 85C Model Hold 'vga_controller:vga0|vs'
Slack : 0.325
TNS   : 0.000

Type  : Slow 1200mV 85C Model Hold 'MAX10_CLK1_50'
Slack : 0.340
TNS   : 0.000

Type  : Slow 1200mV 85C Model Hold 'altera_reserved_tck'
Slack : 0.340
TNS   : 0.000

Type  : Slow 1200mV 85C Model Hold 'u0|sdram_pll|sd1|pll7|clk[0]'
Slack : 0.341
TNS   : 0.000

Type  : Slow 1200mV 85C Model Hold 'vga_controller:vga0|clkdiv'
Slack : 0.435
TNS   : 0.000

Type  : Slow 1200mV 85C Model Hold 'clk_dram_ext'
Slack : 0.673
TNS   : 0.000

Type  : Slow 1200mV 85C Model Hold 'color_mapper:color0|draw_cactus:cactus0|change_type'
Slack : 1.290
TNS   : 0.000

Type  : Slow 1200mV 85C Model Hold 'vga_controller:vga0|hs'
Slack : 5.554
TNS   : 0.000

Type  : Slow 1200mV 85C Model Recovery 'altera_reserved_tck'
Slack : 13.192
TNS   : 0.000

Type  : Slow 1200mV 85C Model Recovery 'MAX10_CLK1_50'
Slack : 14.367
TNS   : 0.000

Type  : Slow 1200mV 85C Model Recovery 'u0|sdram_pll|sd1|pll7|clk[0]'
Slack : 14.391
TNS   : 0.000

Type  : Slow 1200mV 85C Model Removal 'altera_reserved_tck'
Slack : 1.086
TNS   : 0.000

Type  : Slow 1200mV 85C Model Removal 'u0|sdram_pll|sd1|pll7|clk[0]'
Slack : 3.443
TNS   : 0.000

Type  : Slow 1200mV 85C Model Removal 'MAX10_CLK1_50'
Slack : 4.045
TNS   : 0.000

Type  : Slow 1200mV 85C Model Minimum Pulse Width 'MAX10_CLK1_50'
Slack : 9.517
TNS   : 0.000

Type  : Slow 1200mV 85C Model Minimum Pulse Width 'u0|sdram_pll|sd1|pll7|clk[0]'
Slack : 9.708
TNS   : 0.000

Type  : Slow 1200mV 85C Model Minimum Pulse Width 'u0|sdram_pll|sd1|pll7|clk[1]'
Slack : 9.849
TNS   : 0.000

Type  : Slow 1200mV 85C Model Minimum Pulse Width 'altera_reserved_tck'
Slack : 14.766
TNS   : 0.000

Type  : Slow 1200mV 85C Model Minimum Pulse Width 'clk_dram_ext'
Slack : 15.790
TNS   : 0.000

Type  : Slow 1200mV 85C Model Minimum Pulse Width 'vga_controller:vga0|clkdiv'
Slack : 19.505
TNS   : 0.000

Type  : Slow 1200mV 85C Model Minimum Pulse Width 'vga_controller:vga0|hs'
Slack : 19.740
TNS   : 0.000

Type  : Slow 1200mV 85C Model Minimum Pulse Width 'vga_controller:vga0|vs'
Slack : 19.752
TNS   : 0.000

Type  : Slow 1200mV 85C Model Minimum Pulse Width 'color_mapper:color0|draw_cactus:cactus0|change_type'
Slack : 19.766
TNS   : 0.000

Type  : Slow 1200mV 0C Model Setup 'MAX10_CLK1_50'
Slack : -138.310
TNS   : -20274.495

Type  : Slow 1200mV 0C Model Setup 'vga_controller:vga0|clkdiv'
Slack : -46.330
TNS   : -131.863

Type  : Slow 1200mV 0C Model Setup 'vga_controller:vga0|vs'
Slack : -41.141
TNS   : -41.141

Type  : Slow 1200mV 0C Model Setup 'u0|sdram_pll|sd1|pll7|clk[0]'
Slack : 8.888
TNS   : 0.000

Type  : Slow 1200mV 0C Model Setup 'altera_reserved_tck'
Slack : 11.321
TNS   : 0.000

Type  : Slow 1200mV 0C Model Setup 'clk_dram_ext'
Slack : 15.604
TNS   : 0.000

Type  : Slow 1200mV 0C Model Setup 'vga_controller:vga0|hs'
Slack : 34.237
TNS   : 0.000

Type  : Slow 1200mV 0C Model Setup 'color_mapper:color0|draw_cactus:cactus0|change_type'
Slack : 37.844
TNS   : 0.000

Type  : Slow 1200mV 0C Model Hold 'vga_controller:vga0|vs'
Slack : 0.291
TNS   : 0.000

Type  : Slow 1200mV 0C Model Hold 'MAX10_CLK1_50'
Slack : 0.305
TNS   : 0.000

Type  : Slow 1200mV 0C Model Hold 'altera_reserved_tck'
Slack : 0.305
TNS   : 0.000

Type  : Slow 1200mV 0C Model Hold 'u0|sdram_pll|sd1|pll7|clk[0]'
Slack : 0.306
TNS   : 0.000

Type  : Slow 1200mV 0C Model Hold 'vga_controller:vga0|clkdiv'
Slack : 0.399
TNS   : 0.000

Type  : Slow 1200mV 0C Model Hold 'clk_dram_ext'
Slack : 0.622
TNS   : 0.000

Type  : Slow 1200mV 0C Model Hold 'color_mapper:color0|draw_cactus:cactus0|change_type'
Slack : 1.219
TNS   : 0.000

Type  : Slow 1200mV 0C Model Hold 'vga_controller:vga0|hs'
Slack : 5.127
TNS   : 0.000

Type  : Slow 1200mV 0C Model Recovery 'altera_reserved_tck'
Slack : 13.381
TNS   : 0.000

Type  : Slow 1200mV 0C Model Recovery 'u0|sdram_pll|sd1|pll7|clk[0]'
Slack : 14.914
TNS   : 0.000

Type  : Slow 1200mV 0C Model Recovery 'MAX10_CLK1_50'
Slack : 14.931
TNS   : 0.000

Type  : Slow 1200mV 0C Model Removal 'altera_reserved_tck'
Slack : 1.004
TNS   : 0.000

Type  : Slow 1200mV 0C Model Removal 'u0|sdram_pll|sd1|pll7|clk[0]'
Slack : 3.109
TNS   : 0.000

Type  : Slow 1200mV 0C Model Removal 'MAX10_CLK1_50'
Slack : 3.704
TNS   : 0.000

Type  : Slow 1200mV 0C Model Minimum Pulse Width 'MAX10_CLK1_50'
Slack : 9.547
TNS   : 0.000

Type  : Slow 1200mV 0C Model Minimum Pulse Width 'u0|sdram_pll|sd1|pll7|clk[0]'
Slack : 9.690
TNS   : 0.000

Type  : Slow 1200mV 0C Model Minimum Pulse Width 'u0|sdram_pll|sd1|pll7|clk[1]'
Slack : 9.874
TNS   : 0.000

Type  : Slow 1200mV 0C Model Minimum Pulse Width 'altera_reserved_tck'
Slack : 14.792
TNS   : 0.000

Type  : Slow 1200mV 0C Model Minimum Pulse Width 'clk_dram_ext'
Slack : 15.790
TNS   : 0.000

Type  : Slow 1200mV 0C Model Minimum Pulse Width 'vga_controller:vga0|clkdiv'
Slack : 19.588
TNS   : 0.000

Type  : Slow 1200mV 0C Model Minimum Pulse Width 'vga_controller:vga0|hs'
Slack : 19.693
TNS   : 0.000

Type  : Slow 1200mV 0C Model Minimum Pulse Width 'vga_controller:vga0|vs'
Slack : 19.700
TNS   : 0.000

Type  : Slow 1200mV 0C Model Minimum Pulse Width 'color_mapper:color0|draw_cactus:cactus0|change_type'
Slack : 19.755
TNS   : 0.000

Type  : Fast 1200mV 0C Model Setup 'MAX10_CLK1_50'
Slack : -50.673
TNS   : -5890.070

Type  : Fast 1200mV 0C Model Setup 'vga_controller:vga0|clkdiv'
Slack : 1.452
TNS   : 0.000

Type  : Fast 1200mV 0C Model Setup 'vga_controller:vga0|vs'
Slack : 3.385
TNS   : 0.000

Type  : Fast 1200mV 0C Model Setup 'u0|sdram_pll|sd1|pll7|clk[0]'
Slack : 11.623
TNS   : 0.000

Type  : Fast 1200mV 0C Model Setup 'altera_reserved_tck'
Slack : 13.620
TNS   : 0.000

Type  : Fast 1200mV 0C Model Setup 'clk_dram_ext'
Slack : 15.553
TNS   : 0.000

Type  : Fast 1200mV 0C Model Setup 'vga_controller:vga0|hs'
Slack : 36.887
TNS   : 0.000

Type  : Fast 1200mV 0C Model Setup 'color_mapper:color0|draw_cactus:cactus0|change_type'
Slack : 38.980
TNS   : 0.000

Type  : Fast 1200mV 0C Model Hold 'MAX10_CLK1_50'
Slack : 0.008
TNS   : 0.000

Type  : Fast 1200mV 0C Model Hold 'vga_controller:vga0|vs'
Slack : 0.142
TNS   : 0.000

Type  : Fast 1200mV 0C Model Hold 'altera_reserved_tck'
Slack : 0.148
TNS   : 0.000

Type  : Fast 1200mV 0C Model Hold 'u0|sdram_pll|sd1|pll7|clk[0]'
Slack : 0.148
TNS   : 0.000

Type  : Fast 1200mV 0C Model Hold 'vga_controller:vga0|clkdiv'
Slack : 0.174
TNS   : 0.000

Type  : Fast 1200mV 0C Model Hold 'clk_dram_ext'
Slack : 0.311
TNS   : 0.000

Type  : Fast 1200mV 0C Model Hold 'color_mapper:color0|draw_cactus:cactus0|change_type'
Slack : 0.538
TNS   : 0.000

Type  : Fast 1200mV 0C Model Hold 'vga_controller:vga0|hs'
Slack : 2.549
TNS   : 0.000

Type  : Fast 1200mV 0C Model Recovery 'altera_reserved_tck'
Slack : 14.516
TNS   : 0.000

Type  : Fast 1200mV 0C Model Recovery 'MAX10_CLK1_50'
Slack : 17.181
TNS   : 0.000

Type  : Fast 1200mV 0C Model Recovery 'u0|sdram_pll|sd1|pll7|clk[0]'
Slack : 17.348
TNS   : 0.000

Type  : Fast 1200mV 0C Model Removal 'altera_reserved_tck'
Slack : 0.477
TNS   : 0.000

Type  : Fast 1200mV 0C Model Removal 'u0|sdram_pll|sd1|pll7|clk[0]'
Slack : 1.650
TNS   : 0.000

Type  : Fast 1200mV 0C Model Removal 'MAX10_CLK1_50'
Slack : 1.960
TNS   : 0.000

Type  : Fast 1200mV 0C Model Minimum Pulse Width 'MAX10_CLK1_50'
Slack : 9.374
TNS   : 0.000

Type  : Fast 1200mV 0C Model Minimum Pulse Width 'u0|sdram_pll|sd1|pll7|clk[0]'
Slack : 9.720
TNS   : 0.000

Type  : Fast 1200mV 0C Model Minimum Pulse Width 'u0|sdram_pll|sd1|pll7|clk[1]'
Slack : 9.957
TNS   : 0.000

Type  : Fast 1200mV 0C Model Minimum Pulse Width 'altera_reserved_tck'
Slack : 14.566
TNS   : 0.000

Type  : Fast 1200mV 0C Model Minimum Pulse Width 'clk_dram_ext'
Slack : 16.000
TNS   : 0.000

Type  : Fast 1200mV 0C Model Minimum Pulse Width 'vga_controller:vga0|clkdiv'
Slack : 19.569
TNS   : 0.000

Type  : Fast 1200mV 0C Model Minimum Pulse Width 'vga_controller:vga0|vs'
Slack : 19.645
TNS   : 0.000

Type  : Fast 1200mV 0C Model Minimum Pulse Width 'vga_controller:vga0|hs'
Slack : 19.724
TNS   : 0.000

Type  : Fast 1200mV 0C Model Minimum Pulse Width 'color_mapper:color0|draw_cactus:cactus0|change_type'
Slack : 19.733
TNS   : 0.000

------------------------------------------------------------
